vlib/v/checker/tests/import_sym_fn_unused_warning_err.vv:1:15: warning: module `math` function `sin()` is unused
    1 | import math { sin, cos }
      |               ~~~
    2 | 
    3 | fn main() {}
vlib/v/checker/tests/import_sym_fn_unused_warning_err.vv:1:20: warning: module `math` function `cos()` is unused
    1 | import math { sin, cos }
      |                    ~~~
    2 | 
    3 | fn main() {}
